../Core/Src/main.c:68:6:SetTimer0	16	static
../Core/Src/main.c:73:6:RunTimer0	4	static
../Core/Src/main.c:87:5:main	8	static
../Core/Src/main.c:154:6:SystemClock_Config	72	static
../Core/Src/main.c:191:13:MX_TIM2_Init	32	static
../Core/Src/main.c:236:13:MX_GPIO_Init	32	static
../Core/Src/main.c:288:6:Display7Seg	16	static
../Core/Src/main.c:294:6:Enable7Seg	16	static
../Core/Src/main.c:300:6:UpdateLed7Seg	16	static
../Core/Src/main.c:307:6:UpdateClockBuffer	4	static
../Core/Src/main.c:313:6:HAL_TIM_PeriodElapsedCallback	16	static
../Core/Src/main.c:335:6:Error_Handler	4	static,ignoring_inline_asm
